// Jest Snapshot v1, https://goo.gl/fbAQLP

exports[`Local Scene tests should be able to create empty files with no parameters 1`] = `
[
  {
    "Components": [
      {
        "content": "",
        "location": "/",
        "name": "empty.txt",
      },
      {
        "data": {},
        "location": ".",
        "name": "empty.json",
      },
    ],
  },
]
`;

exports[`Local Scene tests should be able to create folders 1`] = `
[
  {
    "Components": [
      {
        "gitkeep": false,
        "location": ".",
        "name": "test",
      },
      {
        "gitkeep": true,
        "location": ".",
        "name": "test2",
      },
    ],
  },
]
`;

exports[`Local Scene tests should be able to write a JSON file that contains line of another text file 1`] = `
[
  {
    "Components": [
      {
        "content": "Hello World
This is Line 2
This is Line 3.",
        "location": ".",
        "name": "test.txt",
      },
      {
        "data": {
          "lineTwo": "This is Line 2",
        },
        "location": ".",
        "name": "test.json",
      },
    ],
  },
]
`;
